src/background/notifications.ts(1,81): error TS6133: 'extensionId' is declared but its value is never read.
src/background/scanner.ts(20,21): error TS2322: Type '"normal" | "admin" | "development" | "sideload" | "other"' is not assignable to type 'ExtensionInstallType'.
  Type '"normal"' is not assignable to type 'ExtensionInstallType'.
src/background/scanner.ts(31,59): error TS6133: 'targetExtensionId' is declared but its value is never read.
src/tests/riskEngine.test.ts(11,9): error TS2322: Type '"normal"' is not assignable to type 'ExtensionInstallType'.
src/ui/options.tsx(1,8): error TS6133: 'React' is declared but its value is never read.
src/ui/pages/dashboard.tsx(1,8): error TS6133: 'React' is declared but its value is never read.
src/ui/popup.tsx(1,1): error TS6133: 'React' is declared but its value is never read.
